__tests__/components/expense/expense-dialog.test.tsx(68,15): error TS2322: Type '{ mode: "create"; householdId: string; currentUserId: string; householdMembers: { id: string; full_name: string; email: string; avatar_url: null; created_at: string; household_id: string; payment_link: null; updated_at: string; }[]; onSubmit: Mock<...>; isLoading: boolean; className: string; }' is not assignable to type 'ExpenseDialogProps'.
  Types of property 'householdMembers' are incompatible.
    Type '{ id: string; full_name: string; email: string; avatar_url: null; created_at: string; household_id: string; payment_link: null; updated_at: string; }[]' is not assignable to type '{ avatar_url: string | null; created_at: string | null; email: string; full_name: string | null; household_id: string | null; id: string; is_available: boolean | null; payment_link: string | null; timezone: string | null; updated_at: string | null; }[]'.
      Type '{ id: string; full_name: string; email: string; avatar_url: null; created_at: string; household_id: string; payment_link: null; updated_at: string; }' is missing the following properties from type '{ avatar_url: string | null; created_at: string | null; email: string; full_name: string | null; household_id: string | null; id: string; is_available: boolean | null; payment_link: string | null; timezone: string | null; updated_at: string | null; }': is_available, timezone
__tests__/components/expense/expense-dialog.test.tsx(71,47): error TS2339: Property 'toBeInTheDocument' does not exist on type 'JestMatchers<HTMLElement>'.
__tests__/components/expense/expense-dialog.test.tsx(72,42): error TS2339: Property 'toBeInTheDocument' does not exist on type 'JestMatchers<HTMLElement>'.
__tests__/components/expense/expense-dialog.test.tsx(100,15): error TS2322: Type '{ mode: "edit"; expense: { id: string; description: string; amount: number; category: string; date: string; paid_by: string; household_id: string; split_type: "equal"; splits: { user_id: string; amount_owed: number; is_settled: boolean; }[]; ... 4 more ...; updated_at: string; }; ... 5 more ...; className: string; }' is not assignable to type 'ExpenseDialogProps'.
  The types of 'expense.payer' are incompatible between these types.
    Type '{ id: string; full_name: string; email: string; avatar_url: null; created_at: string; household_id: string; payment_link: null; updated_at: string; }' is missing the following properties from type '{ avatar_url: string | null; created_at: string | null; email: string; full_name: string | null; household_id: string | null; id: string; is_available: boolean | null; payment_link: string | null; timezone: string | null; updated_at: string | null; }': is_available, timezone
__tests__/components/expense/expense-dialog.test.tsx(102,40): error TS2339: Property 'toBeInTheDocument' does not exist on type 'JestMatchers<HTMLElement>'.
__tests__/components/expense/expense-dialog.test.tsx(106,15): error TS2322: Type '{ isLoading: true; mode: "create"; householdId: string; currentUserId: string; householdMembers: { id: string; full_name: string; email: string; avatar_url: null; created_at: string; household_id: string; payment_link: null; updated_at: string; }[]; onSubmit: Mock<...>; className: string; }' is not assignable to type 'ExpenseDialogProps'.
  Types of property 'householdMembers' are incompatible.
    Type '{ id: string; full_name: string; email: string; avatar_url: null; created_at: string; household_id: string; payment_link: null; updated_at: string; }[]' is not assignable to type '{ avatar_url: string | null; created_at: string | null; email: string; full_name: string | null; household_id: string | null; id: string; is_available: boolean | null; payment_link: string | null; timezone: string | null; updated_at: string | null; }[]'.
      Type '{ id: string; full_name: string; email: string; avatar_url: null; created_at: string; household_id: string; payment_link: null; updated_at: string; }' is missing the following properties from type '{ avatar_url: string | null; created_at: string | null; email: string; full_name: string | null; household_id: string | null; id: string; is_available: boolean | null; payment_link: string | null; timezone: string | null; updated_at: string | null; }': is_available, timezone
__tests__/components/expense/expense-dialog.test.tsx(109,28): error TS2339: Property 'toBeDisabled' does not exist on type 'JestMatchers<HTMLElement>'.
__tests__/components/expense/expense-dialog.test.tsx(113,15): error TS2322: Type '{ buttonText: string; mode: "create"; householdId: string; currentUserId: string; householdMembers: { id: string; full_name: string; email: string; avatar_url: null; created_at: string; household_id: string; payment_link: null; updated_at: string; }[]; onSubmit: Mock<...>; isLoading: boolean; className: string; }' is not assignable to type 'ExpenseDialogProps'.
  Types of property 'householdMembers' are incompatible.
    Type '{ id: string; full_name: string; email: string; avatar_url: null; created_at: string; household_id: string; payment_link: null; updated_at: string; }[]' is not assignable to type '{ avatar_url: string | null; created_at: string | null; email: string; full_name: string | null; household_id: string | null; id: string; is_available: boolean | null; payment_link: string | null; timezone: string | null; updated_at: string | null; }[]'.
      Type '{ id: string; full_name: string; email: string; avatar_url: null; created_at: string; household_id: string; payment_link: null; updated_at: string; }' is missing the following properties from type '{ avatar_url: string | null; created_at: string | null; email: string; full_name: string | null; household_id: string | null; id: string; is_available: boolean | null; payment_link: string | null; timezone: string | null; updated_at: string | null; }': is_available, timezone
__tests__/components/expense/expense-dialog.test.tsx(115,47): error TS2339: Property 'toBeInTheDocument' does not exist on type 'JestMatchers<HTMLElement>'.
__tests__/components/expense/expense-dialog.test.tsx(120,10): error TS2322: Type '{ children: Element; mode: "create"; householdId: string; currentUserId: string; householdMembers: { id: string; full_name: string; email: string; avatar_url: null; created_at: string; household_id: string; payment_link: null; updated_at: string; }[]; onSubmit: Mock<...>; isLoading: boolean; className: string; }' is not assignable to type 'ExpenseDialogProps'.
  Types of property 'householdMembers' are incompatible.
    Type '{ id: string; full_name: string; email: string; avatar_url: null; created_at: string; household_id: string; payment_link: null; updated_at: string; }[]' is not assignable to type '{ avatar_url: string | null; created_at: string | null; email: string; full_name: string | null; household_id: string | null; id: string; is_available: boolean | null; payment_link: string | null; timezone: string | null; updated_at: string | null; }[]'.
      Type '{ id: string; full_name: string; email: string; avatar_url: null; created_at: string; household_id: string; payment_link: null; updated_at: string; }' is missing the following properties from type '{ avatar_url: string | null; created_at: string | null; email: string; full_name: string | null; household_id: string | null; id: string; is_available: boolean | null; payment_link: string | null; timezone: string | null; updated_at: string | null; }': is_available, timezone
__tests__/components/expense/expense-dialog.test.tsx(125,50): error TS2339: Property 'toBeInTheDocument' does not exist on type 'JestMatchers<HTMLElement>'.
__tests__/components/expense/expense-dialog.test.tsx(126,53): error TS2339: Property 'toBeInTheDocument' does not exist on type 'Matchers<void, HTMLElement | null>'.
__tests__/components/expense/expense-dialog.test.tsx(133,15): error TS2322: Type '{ mode: "create"; householdId: string; currentUserId: string; householdMembers: { id: string; full_name: string; email: string; avatar_url: null; created_at: string; household_id: string; payment_link: null; updated_at: string; }[]; onSubmit: Mock<...>; isLoading: boolean; className: string; }' is not assignable to type 'ExpenseDialogProps'.
  Types of property 'householdMembers' are incompatible.
    Type '{ id: string; full_name: string; email: string; avatar_url: null; created_at: string; household_id: string; payment_link: null; updated_at: string; }[]' is not assignable to type '{ avatar_url: string | null; created_at: string | null; email: string; full_name: string | null; household_id: string | null; id: string; is_available: boolean | null; payment_link: string | null; timezone: string | null; updated_at: string | null; }[]'.
      Type '{ id: string; full_name: string; email: string; avatar_url: null; created_at: string; household_id: string; payment_link: null; updated_at: string; }' is missing the following properties from type '{ avatar_url: string | null; created_at: string | null; email: string; full_name: string | null; household_id: string | null; id: string; is_available: boolean | null; payment_link: string | null; timezone: string | null; updated_at: string | null; }': is_available, timezone
__tests__/components/expense/expense-dialog.test.tsx(140,53): error TS2339: Property 'toBeInTheDocument' does not exist on type 'JestMatchers<HTMLElement>'.
__tests__/components/expense/expense-dialog.test.tsx(148,15): error TS2322: Type '{ onOpenChange: Mock<any, any, any>; mode: "create"; householdId: string; currentUserId: string; householdMembers: { id: string; full_name: string; email: string; avatar_url: null; created_at: string; household_id: string; payment_link: null; updated_at: string; }[]; onSubmit: Mock<...>; isLoading: boolean; classNam...' is not assignable to type 'ExpenseDialogProps'.
  Types of property 'householdMembers' are incompatible.
    Type '{ id: string; full_name: string; email: string; avatar_url: null; created_at: string; household_id: string; payment_link: null; updated_at: string; }[]' is not assignable to type '{ avatar_url: string | null; created_at: string | null; email: string; full_name: string | null; household_id: string | null; id: string; is_available: boolean | null; payment_link: string | null; timezone: string | null; updated_at: string | null; }[]'.
      Type '{ id: string; full_name: string; email: string; avatar_url: null; created_at: string; household_id: string; payment_link: null; updated_at: string; }' is missing the following properties from type '{ avatar_url: string | null; created_at: string | null; email: string; full_name: string | null; household_id: string | null; id: string; is_available: boolean | null; payment_link: string | null; timezone: string | null; updated_at: string | null; }': is_available, timezone
__tests__/components/expense/expense-dialog.test.tsx(155,53): error TS2339: Property 'toBeInTheDocument' does not exist on type 'JestMatchers<HTMLElement>'.
__tests__/components/expense/expense-dialog.test.tsx(164,59): error TS2339: Property 'toBeInTheDocument' does not exist on type 'Matchers<void, HTMLElement | null>'.
__tests__/components/expense/expense-dialog.test.tsx(174,15): error TS2322: Type '{ onSubmit: Mock<any, any, any>; mode: "create"; householdId: string; currentUserId: string; householdMembers: { id: string; full_name: string; email: string; avatar_url: null; created_at: string; household_id: string; payment_link: null; updated_at: string; }[]; isLoading: boolean; className: string; }' is not assignable to type 'ExpenseDialogProps'.
  Types of property 'householdMembers' are incompatible.
    Type '{ id: string; full_name: string; email: string; avatar_url: null; created_at: string; household_id: string; payment_link: null; updated_at: string; }[]' is not assignable to type '{ avatar_url: string | null; created_at: string | null; email: string; full_name: string | null; household_id: string | null; id: string; is_available: boolean | null; payment_link: string | null; timezone: string | null; updated_at: string | null; }[]'.
      Type '{ id: string; full_name: string; email: string; avatar_url: null; created_at: string; household_id: string; payment_link: null; updated_at: string; }' is missing the following properties from type '{ avatar_url: string | null; created_at: string | null; email: string; full_name: string | null; household_id: string | null; id: string; is_available: boolean | null; payment_link: string | null; timezone: string | null; updated_at: string | null; }': is_available, timezone
__tests__/components/expense/expense-dialog.test.tsx(181,53): error TS2339: Property 'toBeInTheDocument' does not exist on type 'JestMatchers<HTMLElement>'.
__tests__/components/expense/expense-dialog.test.tsx(214,15): error TS2322: Type '{ onSubmit: Mock<any, any, any>; mode: "create"; householdId: string; currentUserId: string; householdMembers: { id: string; full_name: string; email: string; avatar_url: null; created_at: string; household_id: string; payment_link: null; updated_at: string; }[]; isLoading: boolean; className: string; }' is not assignable to type 'ExpenseDialogProps'.
  Types of property 'householdMembers' are incompatible.
    Type '{ id: string; full_name: string; email: string; avatar_url: null; created_at: string; household_id: string; payment_link: null; updated_at: string; }[]' is not assignable to type '{ avatar_url: string | null; created_at: string | null; email: string; full_name: string | null; household_id: string | null; id: string; is_available: boolean | null; payment_link: string | null; timezone: string | null; updated_at: string | null; }[]'.
      Type '{ id: string; full_name: string; email: string; avatar_url: null; created_at: string; household_id: string; payment_link: null; updated_at: string; }' is missing the following properties from type '{ avatar_url: string | null; created_at: string | null; email: string; full_name: string | null; household_id: string | null; id: string; is_available: boolean | null; payment_link: string | null; timezone: string | null; updated_at: string | null; }': is_available, timezone
__tests__/components/expense/expense-dialog.test.tsx(221,53): error TS2339: Property 'toBeInTheDocument' does not exist on type 'JestMatchers<HTMLElement>'.
__tests__/components/expense/expense-dialog.test.tsx(247,51): error TS2339: Property 'toBeInTheDocument' does not exist on type 'JestMatchers<HTMLElement>'.
__tests__/components/expense/expense-dialog.test.tsx(278,15): error TS2322: Type '{ mode: "edit"; expense: { id: string; description: string; amount: number; category: string; date: string; paid_by: string; household_id: string; split_type: "equal"; splits: { user_id: string; amount_owed: number; is_settled: boolean; }[]; ... 4 more ...; updated_at: string; }; ... 5 more ...; className: string; }' is not assignable to type 'ExpenseDialogProps'.
  The types of 'expense.payer' are incompatible between these types.
    Type '{ id: string; full_name: string; email: string; avatar_url: null; created_at: string; household_id: string; payment_link: null; updated_at: string; }' is missing the following properties from type '{ avatar_url: string | null; created_at: string | null; email: string; full_name: string | null; household_id: string | null; id: string; is_available: boolean | null; payment_link: string | null; timezone: string | null; updated_at: string | null; }': is_available, timezone
__tests__/components/expense/expense-dialog.test.tsx(285,50): error TS2339: Property 'toBeInTheDocument' does not exist on type 'JestMatchers<HTMLElement>'.
__tests__/components/expense/expense-dialog.test.tsx(286,58): error TS2339: Property 'toBeInTheDocument' does not exist on type 'JestMatchers<HTMLElement>'.
__tests__/components/expense/expense-dialog.test.tsx(287,49): error TS2339: Property 'toBeInTheDocument' does not exist on type 'JestMatchers<HTMLElement>'.
__tests__/components/expense/expense-dialog.test.tsx(317,15): error TS2322: Type '{ mode: "edit"; expense: { id: string; description: string; amount: number; category: string; date: string; paid_by: string; household_id: string; split_type: "custom"; splits: { user_id: string; amount_owed: number; is_settled: boolean; }[]; ... 4 more ...; updated_at: string; }; ... 5 more ...; className: string; }' is not assignable to type 'ExpenseDialogProps'.
  The types of 'expense.payer' are incompatible between these types.
    Type '{ id: string; full_name: string; email: string; avatar_url: null; created_at: string; household_id: string; payment_link: null; updated_at: string; }' is missing the following properties from type '{ avatar_url: string | null; created_at: string | null; email: string; full_name: string | null; household_id: string | null; id: string; is_available: boolean | null; payment_link: string | null; timezone: string | null; updated_at: string | null; }': is_available, timezone
__tests__/components/expense/expense-dialog.test.tsx(324,50): error TS2339: Property 'toBeInTheDocument' does not exist on type 'JestMatchers<HTMLElement>'.
__tests__/components/expense/expense-dialog.test.tsx(325,58): error TS2339: Property 'toBeInTheDocument' does not exist on type 'JestMatchers<HTMLElement>'.
__tests__/components/expense/expense-dialog.test.tsx(336,10): error TS2322: Type '{ open: true; onOpenChange: Mock<any, any, any>; mode: "create"; householdId: string; currentUserId: string; householdMembers: { id: string; full_name: string; email: string; avatar_url: null; created_at: string; household_id: string; payment_link: null; updated_at: string; }[]; onSubmit: Mock<...>; isLoading: boole...' is not assignable to type 'ExpenseDialogProps'.
  Types of property 'householdMembers' are incompatible.
    Type '{ id: string; full_name: string; email: string; avatar_url: null; created_at: string; household_id: string; payment_link: null; updated_at: string; }[]' is not assignable to type '{ avatar_url: string | null; created_at: string | null; email: string; full_name: string | null; household_id: string | null; id: string; is_available: boolean | null; payment_link: string | null; timezone: string | null; updated_at: string | null; }[]'.
      Type '{ id: string; full_name: string; email: string; avatar_url: null; created_at: string; household_id: string; payment_link: null; updated_at: string; }' is missing the following properties from type '{ avatar_url: string | null; created_at: string | null; email: string; full_name: string | null; household_id: string | null; id: string; is_available: boolean | null; payment_link: string | null; timezone: string | null; updated_at: string | null; }': is_available, timezone
__tests__/components/expense/expense-dialog.test.tsx(344,51): error TS2339: Property 'toBeInTheDocument' does not exist on type 'JestMatchers<HTMLElement>'.
__tests__/components/expense/expense-dialog.test.tsx(347,53): error TS2339: Property 'toBeInTheDocument' does not exist on type 'Matchers<void, HTMLElement | null>'.
__tests__/components/expense/expense-dialog.test.tsx(356,10): error TS2322: Type '{ householdId: undefined; currentUserId: undefined; mode: "create"; householdMembers: { id: string; full_name: string; email: string; avatar_url: null; created_at: string; household_id: string; payment_link: null; updated_at: string; }[]; onSubmit: Mock<...>; isLoading: boolean; className: string; }' is not assignable to type 'ExpenseDialogProps'.
  Types of property 'householdMembers' are incompatible.
    Type '{ id: string; full_name: string; email: string; avatar_url: null; created_at: string; household_id: string; payment_link: null; updated_at: string; }[]' is not assignable to type '{ avatar_url: string | null; created_at: string | null; email: string; full_name: string | null; household_id: string | null; id: string; is_available: boolean | null; payment_link: string | null; timezone: string | null; updated_at: string | null; }[]'.
      Type '{ id: string; full_name: string; email: string; avatar_url: null; created_at: string; household_id: string; payment_link: null; updated_at: string; }' is missing the following properties from type '{ avatar_url: string | null; created_at: string | null; email: string; full_name: string | null; household_id: string | null; id: string; is_available: boolean | null; payment_link: string | null; timezone: string | null; updated_at: string | null; }': is_available, timezone
__tests__/components/expense/expense-dialog.test.tsx(374,10): error TS2322: Type '{ mode: "edit"; expense: undefined; householdId: string; currentUserId: string; householdMembers: { id: string; full_name: string; email: string; avatar_url: null; created_at: string; household_id: string; payment_link: null; updated_at: string; }[]; onSubmit: Mock<...>; isLoading: boolean; className: string; }' is not assignable to type 'ExpenseDialogProps'.
  Types of property 'householdMembers' are incompatible.
    Type '{ id: string; full_name: string; email: string; avatar_url: null; created_at: string; household_id: string; payment_link: null; updated_at: string; }[]' is not assignable to type '{ avatar_url: string | null; created_at: string | null; email: string; full_name: string | null; household_id: string | null; id: string; is_available: boolean | null; payment_link: string | null; timezone: string | null; updated_at: string | null; }[]'.
      Type '{ id: string; full_name: string; email: string; avatar_url: null; created_at: string; household_id: string; payment_link: null; updated_at: string; }' is missing the following properties from type '{ avatar_url: string | null; created_at: string | null; email: string; full_name: string | null; household_id: string | null; id: string; is_available: boolean | null; payment_link: string | null; timezone: string | null; updated_at: string | null; }': is_available, timezone
__tests__/components/expense/expense-dialog.test.tsx(391,15): error TS2322: Type '{ mode: "create"; householdId: string; currentUserId: string; householdMembers: { id: string; full_name: string; email: string; avatar_url: null; created_at: string; household_id: string; payment_link: null; updated_at: string; }[]; onSubmit: Mock<...>; isLoading: boolean; className: string; }' is not assignable to type 'ExpenseDialogProps'.
  Types of property 'householdMembers' are incompatible.
    Type '{ id: string; full_name: string; email: string; avatar_url: null; created_at: string; household_id: string; payment_link: null; updated_at: string; }[]' is not assignable to type '{ avatar_url: string | null; created_at: string | null; email: string; full_name: string | null; household_id: string | null; id: string; is_available: boolean | null; payment_link: string | null; timezone: string | null; updated_at: string | null; }[]'.
      Type '{ id: string; full_name: string; email: string; avatar_url: null; created_at: string; household_id: string; payment_link: null; updated_at: string; }' is missing the following properties from type '{ avatar_url: string | null; created_at: string | null; email: string; full_name: string | null; household_id: string | null; id: string; is_available: boolean | null; payment_link: string | null; timezone: string | null; updated_at: string | null; }': is_available, timezone
__tests__/components/expense/expense-dialog.test.tsx(394,29): error TS2339: Property 'toHaveAttribute' does not exist on type 'JestMatchers<HTMLElement>'.
__tests__/components/expense/expense-dialog.test.tsx(395,29): error TS2339: Property 'toHaveAttribute' does not exist on type 'JestMatchers<HTMLElement>'.
__tests__/components/expense/expense-dialog.test.tsx(400,15): error TS2322: Type '{ mode: "create"; householdId: string; currentUserId: string; householdMembers: { id: string; full_name: string; email: string; avatar_url: null; created_at: string; household_id: string; payment_link: null; updated_at: string; }[]; onSubmit: Mock<...>; isLoading: boolean; className: string; }' is not assignable to type 'ExpenseDialogProps'.
  Types of property 'householdMembers' are incompatible.
    Type '{ id: string; full_name: string; email: string; avatar_url: null; created_at: string; household_id: string; payment_link: null; updated_at: string; }[]' is not assignable to type '{ avatar_url: string | null; created_at: string | null; email: string; full_name: string | null; household_id: string | null; id: string; is_available: boolean | null; payment_link: string | null; timezone: string | null; updated_at: string | null; }[]'.
      Type '{ id: string; full_name: string; email: string; avatar_url: null; created_at: string; household_id: string; payment_link: null; updated_at: string; }' is missing the following properties from type '{ avatar_url: string | null; created_at: string | null; email: string; full_name: string | null; household_id: string | null; id: string; is_available: boolean | null; payment_link: string | null; timezone: string | null; updated_at: string | null; }': is_available, timezone
__tests__/components/expense/expense-dialog.test.tsx(406,29): error TS2339: Property 'toHaveFocus' does not exist on type 'JestMatchers<HTMLElement>'.
__tests__/components/expense/expense-dialog.test.tsx(412,53): error TS2339: Property 'toBeInTheDocument' does not exist on type 'JestMatchers<HTMLElement>'.
__tests__/components/expense/expense-dialog.test.tsx(420,15): error TS2322: Type '{ ref: RefObject<any>; mode: "create"; householdId: string; currentUserId: string; householdMembers: { id: string; full_name: string; email: string; avatar_url: null; created_at: string; household_id: string; payment_link: null; updated_at: string; }[]; onSubmit: Mock<...>; isLoading: boolean; className: string; }' is not assignable to type 'ExpenseDialogProps'.
  Types of property 'householdMembers' are incompatible.
    Type '{ id: string; full_name: string; email: string; avatar_url: null; created_at: string; household_id: string; payment_link: null; updated_at: string; }[]' is not assignable to type '{ avatar_url: string | null; created_at: string | null; email: string; full_name: string | null; household_id: string | null; id: string; is_available: boolean | null; payment_link: string | null; timezone: string | null; updated_at: string | null; }[]'.
      Type '{ id: string; full_name: string; email: string; avatar_url: null; created_at: string; household_id: string; payment_link: null; updated_at: string; }' is missing the following properties from type '{ avatar_url: string | null; created_at: string | null; email: string; full_name: string | null; household_id: string | null; id: string; is_available: boolean | null; payment_link: string | null; timezone: string | null; updated_at: string | null; }': is_available, timezone
__tests__/components/expense/expense-dialog.test.tsx(423,57): error TS2339: Property 'toBeInTheDocument' does not exist on type 'Matchers<void, HTMLElement | null>'.
__tests__/components/expense/expense-dialog.test.tsx(429,53): error TS2339: Property 'toBeInTheDocument' does not exist on type 'JestMatchers<HTMLElement>'.
__tests__/components/expense/expense-dialog.test.tsx(436,59): error TS2339: Property 'toBeInTheDocument' does not exist on type 'Matchers<void, HTMLElement | null>'.
__tests__/hooks/use-balance.test.ts(3,23): error TS2459: Module '"@/hooks/use-balance"' declares 'calculateBalances' locally, but it is not exported.
__tests__/hooks/use-balance.test.ts(108,34): error TS2345: Argument of type '{ data: { balances: never[]; yourBalances: never[]; yourNetBalance: number; }; isLoading: false; error: null; }' is not assignable to parameter of type 'UseQueryResult<unknown, unknown>'.
  Type '{ data: { balances: never[]; yourBalances: never[]; yourNetBalance: number; }; isLoading: false; error: null; }' is not assignable to type 'QueryObserverRefetchErrorResult<unknown, unknown> | QueryObserverSuccessResult<unknown, unknown> | QueryObserverPlaceholderResult<unknown, unknown>'.
    Type '{ data: { balances: never[]; yourBalances: never[]; yourNetBalance: number; }; isLoading: false; error: null; }' is missing the following properties from type 'QueryObserverPlaceholderResult<unknown, unknown>': isError, isPending, isLoadingError, isRefetchError, and 19 more.
__tests__/hooks/use-balance.test.ts(301,26): error TS7006: Parameter 'b' implicitly has an 'any' type.
__tests__/hooks/use-balance.test.ts(310,26): error TS7006: Parameter 'b' implicitly has an 'any' type.
__tests__/hooks/use-balance.test.ts(362,36): error TS2345: Argument of type '{ data: undefined; isLoading: true; error: null; }' is not assignable to parameter of type 'UseQueryResult<unknown, unknown>'.
  Type '{ data: undefined; isLoading: true; error: null; }' is not assignable to type 'QueryObserverLoadingResult<unknown, unknown> | QueryObserverPendingResult<unknown, unknown>'.
    Type '{ data: undefined; isLoading: true; error: null; }' is missing the following properties from type 'QueryObserverPendingResult<unknown, unknown>': isError, isPending, isLoadingError, isRefetchError, and 19 more.
__tests__/hooks/use-balance.test.ts(374,36): error TS2345: Argument of type '{ data: undefined; isLoading: false; error: Error; }' is not assignable to parameter of type 'UseQueryResult<unknown, unknown>'.
  Type '{ data: undefined; isLoading: false; error: Error; }' is not assignable to type 'QueryObserverRefetchErrorResult<unknown, unknown> | QueryObserverLoadingErrorResult<unknown, unknown>'.
    Type '{ data: undefined; isLoading: false; error: Error; }' is missing the following properties from type 'QueryObserverLoadingErrorResult<unknown, unknown>': isError, isPending, isLoadingError, isRefetchError, and 19 more.
__tests__/hooks/use-balance.test.ts(422,36): error TS2345: Argument of type '{ data: { balances: { fromUser: { id: string; full_name: string; }; toUser: { id: string; full_name: string; }; amount: number; related_splits: { id: string; expense_id: string; user_id: string; amount_owed: number; is_settled: boolean; expense: { ...; }; }[]; payment_link: undefined; }[]; yourBalances: { ...; }[]; ...' is not assignable to parameter of type 'UseQueryResult<unknown, unknown>'.
  Type '{ data: { balances: { fromUser: { id: string; full_name: string; }; toUser: { id: string; full_name: string; }; amount: number; related_splits: { id: string; expense_id: string; user_id: string; amount_owed: number; is_settled: boolean; expense: { ...; }; }[]; payment_link: undefined; }[]; yourBalances: { ...; }[]; ...' is not assignable to type 'QueryObserverRefetchErrorResult<unknown, unknown> | QueryObserverSuccessResult<unknown, unknown> | QueryObserverPlaceholderResult<unknown, unknown>'.
    Type '{ data: { balances: { fromUser: { id: string; full_name: string; }; toUser: { id: string; full_name: string; }; amount: number; related_splits: { id: string; expense_id: string; user_id: string; amount_owed: number; is_settled: boolean; expense: { ...; }; }[]; payment_link: undefined; }[]; yourBalances: { ...; }[]; ...' is missing the following properties from type 'QueryObserverPlaceholderResult<unknown, unknown>': isError, isPending, isLoadingError, isRefetchError, and 19 more.
__tests__/hooks/use-balance.test.ts(448,36): error TS2345: Argument of type '{ data: undefined; isLoading: false; error: Error; }' is not assignable to parameter of type 'UseQueryResult<unknown, unknown>'.
  Type '{ data: undefined; isLoading: false; error: Error; }' is not assignable to type 'QueryObserverRefetchErrorResult<unknown, unknown> | QueryObserverLoadingErrorResult<unknown, unknown>'.
    Type '{ data: undefined; isLoading: false; error: Error; }' is missing the following properties from type 'QueryObserverLoadingErrorResult<unknown, unknown>': isError, isPending, isLoadingError, isRefetchError, and 19 more.
__tests__/hooks/use-balance.test.ts(476,36): error TS2345: Argument of type '{ data: { balances: never[]; yourBalances: { fromUser: { id: string; full_name: string; }; toUser: { id: string; full_name: string; }; amount: number; related_splits: never[]; payment_link: undefined; }[]; yourNetBalance: number; }; isLoading: false; error: null; }' is not assignable to parameter of type 'UseQueryResult<unknown, unknown>'.
  Type '{ data: { balances: never[]; yourBalances: { fromUser: { id: string; full_name: string; }; toUser: { id: string; full_name: string; }; amount: number; related_splits: never[]; payment_link: undefined; }[]; yourNetBalance: number; }; isLoading: false; error: null; }' is not assignable to type 'QueryObserverRefetchErrorResult<unknown, unknown> | QueryObserverSuccessResult<unknown, unknown> | QueryObserverPlaceholderResult<unknown, unknown>'.
    Type '{ data: { balances: never[]; yourBalances: { fromUser: { id: string; full_name: string; }; toUser: { id: string; full_name: string; }; amount: number; related_splits: never[]; payment_link: undefined; }[]; yourNetBalance: number; }; isLoading: false; error: null; }' is missing the following properties from type 'QueryObserverPlaceholderResult<unknown, unknown>': isError, isPending, isLoadingError, isRefetchError, and 19 more.
__tests__/hooks/use-balance.test.ts(502,36): error TS2345: Argument of type '{ data: { balances: never[]; yourBalances: { fromUser: { id: string; full_name: string; }; toUser: { id: string; full_name: string; }; amount: number; related_splits: never[]; payment_link: undefined; }[]; yourNetBalance: number; }; isLoading: false; error: null; }' is not assignable to parameter of type 'UseQueryResult<unknown, unknown>'.
  Type '{ data: { balances: never[]; yourBalances: { fromUser: { id: string; full_name: string; }; toUser: { id: string; full_name: string; }; amount: number; related_splits: never[]; payment_link: undefined; }[]; yourNetBalance: number; }; isLoading: false; error: null; }' is not assignable to type 'QueryObserverRefetchErrorResult<unknown, unknown> | QueryObserverSuccessResult<unknown, unknown> | QueryObserverPlaceholderResult<unknown, unknown>'.
    Type '{ data: { balances: never[]; yourBalances: { fromUser: { id: string; full_name: string; }; toUser: { id: string; full_name: string; }; amount: number; related_splits: never[]; payment_link: undefined; }[]; yourNetBalance: number; }; isLoading: false; error: null; }' is missing the following properties from type 'QueryObserverPlaceholderResult<unknown, unknown>': isError, isPending, isLoadingError, isRefetchError, and 19 more.
__tests__/hooks/use-balance.test.ts(535,36): error TS2345: Argument of type '{ data: { balances: never[]; yourBalances: { fromUser: { id: string; full_name: string; }; toUser: { id: string; full_name: string; }; amount: number; related_splits: never[]; payment_link: undefined; }[]; yourNetBalance: number; }; isLoading: false; error: null; }' is not assignable to parameter of type 'UseQueryResult<unknown, unknown>'.
  Type '{ data: { balances: never[]; yourBalances: { fromUser: { id: string; full_name: string; }; toUser: { id: string; full_name: string; }; amount: number; related_splits: never[]; payment_link: undefined; }[]; yourNetBalance: number; }; isLoading: false; error: null; }' is not assignable to type 'QueryObserverRefetchErrorResult<unknown, unknown> | QueryObserverSuccessResult<unknown, unknown> | QueryObserverPlaceholderResult<unknown, unknown>'.
    Type '{ data: { balances: never[]; yourBalances: { fromUser: { id: string; full_name: string; }; toUser: { id: string; full_name: string; }; amount: number; related_splits: never[]; payment_link: undefined; }[]; yourNetBalance: number; }; isLoading: false; error: null; }' is missing the following properties from type 'QueryObserverPlaceholderResult<unknown, unknown>': isError, isPending, isLoadingError, isRefetchError, and 19 more.
__tests__/hooks/use-expense.test.ts(75,34): error TS2345: Argument of type '{ data: { id: string; description: string; amount: number; category: string; date: string; paid_by: string; household_id: string; expense_splits: { user_id: string; amount_owed: number; is_settled: boolean; }[]; }[]; isLoading: false; error: null; }' is not assignable to parameter of type 'UseQueryResult<unknown, unknown>'.
  Type '{ data: { id: string; description: string; amount: number; category: string; date: string; paid_by: string; household_id: string; expense_splits: { user_id: string; amount_owed: number; is_settled: boolean; }[]; }[]; isLoading: false; error: null; }' is not assignable to type 'QueryObserverRefetchErrorResult<unknown, unknown> | QueryObserverSuccessResult<unknown, unknown> | QueryObserverPlaceholderResult<unknown, unknown>'.
    Type '{ data: { id: string; description: string; amount: number; category: string; date: string; paid_by: string; household_id: string; expense_splits: { user_id: string; amount_owed: number; is_settled: boolean; }[]; }[]; isLoading: false; error: null; }' is missing the following properties from type 'QueryObserverPlaceholderResult<unknown, unknown>': isError, isPending, isLoadingError, isRefetchError, and 19 more.
__tests__/hooks/use-expense.test.ts(82,40): error TS2345: Argument of type '{ invalidateQueries: jest.Mock<any, any, any>; setQueryData: jest.Mock<any, any, any>; getQueryData: jest.Mock<any, any, any>; }' is not assignable to parameter of type 'QueryClient'.
  Type '{ invalidateQueries: Mock<any, any, any>; setQueryData: Mock<any, any, any>; getQueryData: Mock<any, any, any>; }' is missing the following properties from type 'QueryClient': #private, mount, unmount, isFetching, and 26 more.
__tests__/hooks/use-expense.test.ts(100,67): error TS2554: Expected 2 arguments, but got 3.
__tests__/hooks/use-expense.test.ts(122,59): error TS2554: Expected 2 arguments, but got 3.
__tests__/hooks/use-expense.test.ts(302,44): error TS2345: Argument of type '{ id: string; description: string; amount: number; status: "pending"; }' is not assignable to parameter of type 'ExpenseWithDetails'.
  Type '{ id: string; description: string; amount: number; status: "pending"; }' is missing the following properties from type 'ExpenseWithDetails': payer, splits, your_share, category, and 6 more.
__tests__/hooks/use-expense.test.ts(320,51): error TS2345: Argument of type '{ id: string; description: string; amount: number; status: "pending"; }' is not assignable to parameter of type 'ExpenseWithDetails'.
  Type '{ id: string; description: string; amount: number; status: "pending"; }' is missing the following properties from type 'ExpenseWithDetails': payer, splits, your_share, category, and 6 more.
__tests__/hooks/use-expense.test.ts(338,51): error TS2345: Argument of type '{ id: string; description: string; amount: number; status: "pending"; }' is not assignable to parameter of type 'ExpenseWithDetails'.
  Type '{ id: string; description: string; amount: number; status: "pending"; }' is missing the following properties from type 'ExpenseWithDetails': payer, splits, your_share, category, and 6 more.
__tests__/hooks/use-expense.test.ts(366,36): error TS2345: Argument of type '{ data: never[]; isLoading: false; error: Error; }' is not assignable to parameter of type 'UseQueryResult<unknown, unknown>'.
  Type '{ data: never[]; isLoading: false; error: Error; }' is missing the following properties from type 'QueryObserverRefetchErrorResult<unknown, unknown>': isError, isPending, isLoadingError, isRefetchError, and 19 more.
lib/actions/expense.ts(151,5): error TS2554: Expected 2 arguments, but got 1.
lib/actions/expense.ts(315,5): error TS2554: Expected 2 arguments, but got 1.
lib/actions/expense.ts(410,5): error TS2554: Expected 2 arguments, but got 1.
lib/actions/expense.ts(513,5): error TS2554: Expected 2 arguments, but got 1.
